================================================================================
缺陷日志：Cordis 事件系统引用计数缺陷（事件载荷漏收割 OOM + 回调参数越界/UAF）
================================================================================

日期：2026-09-07
严重等级：致命（应用崩溃 / 内存耗尽 / 内存破坏）
引入提交：ca3f705 "feat: 实现 Cordis 式运行时上下文元框架（路线 A 的 C 元层 + 路线 B 的 VUS 语言层）"

--------------------------------------------------------------------------------
1. 缺陷概述
--------------------------------------------------------------------------------
ca3f705 引入的 Cordis 事件分发代码生成存在两处独立缺陷：

  A. 事件载荷引用泄漏：发射事件/管线事件 对「新建（NEW 出生份）」的载荷参数
     只借用不归还（vus_ctx_fire/pipeline 不持有引用），循环发射时 RSS 无界
     线性增长直至 OOM（内核 kill，退出码 137）。

  B. 监听回调包装参数越界 + 引用不对称：回调包装固定使用 _va[2] 数组，回调
     声明参数 ≥2 时越界读栈上垃圾并经 vus_ref 段错误；同时函数入口对参数
     vus_ref 一次，出口无对称归还，每个事件调用泄漏一个引用（且与 A 叠加）。

触发测试：tests/test_cordis_leak.vus（新增，A 的复现）
           tests/test_cordis.vus 用例 6-8（新增回归，A/B 行为验证）

--------------------------------------------------------------------------------
2. 具体触发场景
--------------------------------------------------------------------------------
缺陷 A（OOM）最简复现：

    定义 观察者(_参数):
        打印("")
    监听事件("更新", 观察者, "观察")
    循环 i 从 1 到 10000000:
        发射事件("更新", i + 1)

执行路径：每次迭代 发射事件 的第二实参 `i + 1` 为算术表达式，经
vus_to_string 新建 VusString（出生 ref=1）。旧生成代码直接将其地址传入
vus_ctx_fire 后不归还：事件载荷在监听器回调（_va[1]=_args）中被 vus_ref
借走并在回调返回后 vus_unref 归零释放——但发射点自身的出生份 ref=1 从未
归还，对象泄漏。10M 次循环累计泄漏 10M 个 VusString，RSS 线性增长直至
OOM。实测修复前 3 秒内 RSS 增长约 530MB，进程被内核 OOM kill（137）。

缺陷 B（越界/UAF）触发路径：
  - 回调声明 2 个及以上参数时，vus_监听_回调 包装固定 _va[2]={NULL,_args}，
    分发读 _va[2]、_va[3]… 越界读栈上垃圾地址，vus_ref(垃圾) → 段错误；
  - 回调声明参数时入口 vus_ref(_args) 一次，包装出口无 vus_unref 配对，
    每次事件送达泄漏一个引用。

--------------------------------------------------------------------------------
3. 根因分析
--------------------------------------------------------------------------------
A. 生成代码（src/generator.c 发射事件/管线事件 分支）未遵循 R6 引用计数约定：
   vus_ctx_fire/vus_ctx_pipeline 只借用载荷不持有引用，NEW 出生份（表达式
   新建串、缺省 vus_string_new("")）必须在发射点当场归还；只有「池借用实参」
   （变量引用）才免收割。旧代码对所有实参一视同仁地裸传，漏掉 NEW 收割。

B. 回调包装（监听事件 分支）两处与既有 R6 约定不一致：
   - 闭包参数数组按固定 2 开（应为「回调参数个数 + 1」，与 界面_绑定 修复
     过的同一类越界缺陷）；
   - 函数入口对参数 vus_ref 一次（普通调用点语义），出口未对称 vus_unref
     （普通调用点 vus_unref(_vus_args[i]) 同型缺失）。

--------------------------------------------------------------------------------
4. 修复方案（最小化定向修复，src/generator.c）
--------------------------------------------------------------------------------
A. 事件载荷按 R6 三态归属收割：
     - GEN_OWNED_BORROW（池借用实参）：裸传，不收割（语义不变）；
     - GEN_OWNED_NEW（确证新建，如算术表达式/字面量）：临时变量承接 →
       vus_ctx_fire/pipeline → vus_unref 当场归还；
     - GEN_OWNED_UNKNOWN（运行时容器判定）：临时变量承接 → 发射 →
       非容器（!vus_is_container）才收割（容器初值 ref=0 免收割）。

B. 回调包装：
     - 闭包参数数组改为按回调声明参数个数动态开（上限 16，保证 ≥1）；
     - 仅当回调确实声明参数时，在出口 vus_unref(_args) 对称归还入口 ref；
       零参回调不归还（零参回调未取引用，无条件 unref 会把发射侧 NEW
       出生份提前释放，发射点再 unref 即 UAF）。

--------------------------------------------------------------------------------
5. 验证方式与结果
--------------------------------------------------------------------------------
修复前（ca3f705 原代码）：
  - tests/test_cordis_leak.vus：RSS 线性增长（约 530MB/3s），进程 OOM 退出。

修复后：
  - tests/test_cordis_leak.vus：1000 万次循环内存稳定（VmRSS ≈ 856kB），
    输出 "leak_test ok"；
  - tests/test_cordis.vus（含新增用例 6-8）：NEW 载荷正确送达多观察者、
    零参监听器不崩、WATERFALL 管线带计算载荷正确；
  - 全量测试（make + tests/run_tests.sh）：83 通过 / 11 失败，失败全部为
    test_gui*.vus（无 X11 沙箱环境所致，未改动的 HEAD 同样失败，与本次
    修复无关）。

--------------------------------------------------------------------------------
6. 影响文件
--------------------------------------------------------------------------------
  - src/generator.c
      gen_expr_call（发射事件/管线事件：载荷 R6 三态收割）
      gen_expr_call（监听事件：回调参数数组动态开 + 出口对称归还）
  - tests/test_cordis.vus      （新增用例 6-8：NEW 载荷/零参监听器/管线）
  - tests/test_cordis_leak.vus （新增泄漏复现压测）
================================================================================
