================================================================================
缺陷日志：R6 实参出生份收割在身份转发链下提前释放返回对象（heap-use-after-free）
================================================================================

日期：2026-09-06
严重等级：致命（应用崩溃 / 内存破坏）
引入提交：38e47eb "perf: R6 二期 函数边界引用计数完全精确（语句 RAII 推广 + 运行时容器判定收割）"

--------------------------------------------------------------------------------
1. 缺陷概述
--------------------------------------------------------------------------------
R6 二期在用户函数调用点对「确证新建实参」补还出生份引用（vus_unref），
但判定「函数是否会把实参原样返回」的静态分析只识别「返回 x」裸参数
（gen_node_returns_param 对 VUS_AST_CALL 一律返回 0）。一旦函数经**另一
个函数转发**返回参数（如「返回 身份(x)」，身份 直接返回 x），调用点会把
返回槽里与实参共享的同一对象提前 free → heap-use-after-free。

触发测试：tests/test_r6_forward_chain.vus（新增回归）

--------------------------------------------------------------------------------
2. 具体触发场景
--------------------------------------------------------------------------------
最简复现：

    定义 身份(x):
        返回 x

    定义 转发(x):
        返回 身份(x)

    结果 = 转发("prefix-" .. 转文本(42))
    打印(结果)

执行流程（结果对象 S 为 vus_string_concat 新建，出生 ref=1）：
  1. 转发( S )：函数入口 vus_ref(S) → ref=2。
  2. 转发 内调用 身份(S)：身份 直接返回 S，转发的返回语句
     _args[0] = S（所有权原样转交）。
  3. 调用点配平入口：vus_unref(_vus_args[1]) → ref=1。
  4. 调用点 R6 收割：静态分析漏判转发链 → 转发 未标记为「返回参数」，
     vus_unref(_vus_args[1]) → ref=0 → free(S)。
  5. VusString* _vr = _vus_args[0];（== 已释放的 S）
  6. 赋值 RAII：vus_var_set(&结果, _vr) → vus_ref(悬垂指针) → UAF。

ASAN 报错（修复前）：
  ERROR: AddressSanitizer: heap-use-after-free
  WRITE of size 4 ... in vus_ref rt/libvus_rt.c:20
  #1 vus_var_set rt/libvus_rt.c:95
  #2 main testdata/uaf_trigger.vus:8

直通/身份函数（返回 x）本身被静态分析正确标记为「借用」，不受影响；缺陷
仅在**转发链**（返回 身份(x)）这类静态分析覆盖不到的间接返回路径上暴露。

--------------------------------------------------------------------------------
3. 根因分析
--------------------------------------------------------------------------------
R6 的「实参出生份收割」依赖编译期判定函数不会把实参原样返回，判定依据是
gen_node_returns_param / gen_fn_borrows_param（扫描函数体是否「直接返回
参数」）。该分析：
  - 覆盖：返回 裸参数标识符、if/循环/尝试 嵌套内的裸参数返回；
  - 漏判：返回表达式为「调用已知身份函数」的转发链（VUS_AST_CALL 分支
    一律返回 0）。漏判方向是**不安全的**——调用点据此收割出生份，恰好把
    返回槽共享对象提前释放，构成 UAF。
「未知函数保守按 1（不收割）」只保护了前向引用，救不了被漏判的已知转发链。

--------------------------------------------------------------------------------
4. 修复方案（最小化定向修复）
--------------------------------------------------------------------------------
普通用户调用路径（src/generator.c gen_expr_call）在静态门内叠加与
「调用(函数值,…)」路径同型的**运行时指针身份判定**：仅当返回对象 != 实参
才收割出生份，相等说明返回槽正借用该对象，跳过。

    旧：
      vus_unref(_vus_args[%zu]);
    新：
      if (_vus_args[%zu] != _vus_args[0]) vus_unref(_vus_args[%zu]);

运行时判定精确覆盖全部别名情形（裸参数直返、转发链、任意间接返回），
且不改变静态分析已正确判定的借用函数行为（不收割，零净残留语义不变）。
不涉及大范围重构，未改动赋值 RAII / 打印 / 函数值调用路径。

--------------------------------------------------------------------------------
5. 验证方式与结果
--------------------------------------------------------------------------------
修复前（38e47eb 原代码）：
  - tests/test_r6_forward_chain.vus 手动 ASAN 编译运行
    → ERROR: AddressSanitizer: heap-use-after-free（vus_ref ← vus_var_set）。
  - 200 次循环内 断言(结果 == 期望) 触发堆破坏。

修复后：
  - tests/test_r6_forward_chain.vus：普通构建与 ASAN 构建均输出
    「[R6 转发链] 通过」，无 ASAN 报错。
  - 手工用例 testdata/uaf_trigger.vus：输出「转发结果: prefix-42」。
  - 全量测试（make run-tests）：非 GUI 用例全部通过（GUI 用例在无 X11
    沙箱环境失败，与本次改动无关，未改动的 HEAD 同样失败）。

--------------------------------------------------------------------------------
6. 影响文件
--------------------------------------------------------------------------------
  - src/generator.c
      gen_expr_call  (普通用户函数/泛型实例调用路径：实参出生份收割叠加
                     运行时指针身份判定)
  - tests/test_r6_forward_chain.vus  （新增回归测试）
================================================================================
