================================================================================
缺陷日志：TUI 画布子系统差分刷新错位 + 读键栈越界写 + 输入忙等
================================================================================

日期：2026-09-08
严重等级：严重（核心功能错位渲染）+ 高危（内存破坏）+ 中（资源空转）
引入提交：ce60da9 "feat: TUI 画布子系统(帧缓冲+差分刷新) + 终端编辑器 + 一键更新 + 多插件测试"

--------------------------------------------------------------------------------
1. 缺陷概述
--------------------------------------------------------------------------------
ce60da9 新增的 TUI 画布子系统（rt/vus_tui.c）存在三处缺陷：

  A. 差分刷新缺少光标定位：vus_tui_flush 仅在变更单元格位于行首（c==0）时
     发出 \033[%d;1H 定位，其余变更单元格直接输出内容。而差分刷新跳过未变
     单元格时终端光标并不会推进，导致行中变更被写到错误列、整行错位——这是
     本次提交的核心功能（帧缓冲+差分刷新）在首帧之后的每一次刷新都会发生。

  B. vus_tui_read_key 栈越界写：unsigned char buf[16]，read() 一次读满 16
     字节后执行 buf[n]='\0'（n==16）→ 向 buf[16] 写入 1 字节越过数组边界，
     破坏相邻栈内存。

  C. vus_tui_input 忙等空转：raw 模式 VMIN=0/VTIME=0 非阻塞读，用户已输入
     至少 1 个字符后停顿，read() 返回 0 的路径 continue 死循环，单核 100%
     空转直至用户继续输入。

--------------------------------------------------------------------------------
2. 具体触发场景
--------------------------------------------------------------------------------
缺陷 A（差分错位）复现：
  1. 终端中运行 examples/tui_editor.vus（或任何「整帧重绘画布 + tui_刷新」的脚本）；
  2. 光标移动到某行中间输入一个字符（如第 1 行第 5 列）：
     渲染() 整帧重绘 → tui_刷新() 差分上屏；
  3. 第 2 帧起，该行变更内容被输出到行首位置，与上一帧残留内容错位叠加，
     编辑器画面逐键错乱（纯 ASCII 同样触发，与中文宽字符无关）。

  自动化验证（tests/test_tui_flush.c，pty 捕获两帧）：
    第 1 帧 (0,0) 写 "HELLO"；第 2 帧仅改 (0,3) 为 'X'。
    修复前第 2 帧输出无 \033[1;4H 定位，X 落在第 1 列；修复后正确输出
    \033[1;4H + X。实测修复前 has_cursor_pos=0 / wrote_X=1（定位缺失确认）。

缺陷 B（栈越界写）触发路径：
  交互终端 raw 模式下，用户一次粘贴/输入 ≥16 字节（read(STDIN_FILENO, buf, 16)
  可一次返回满 16），随后 buf[16]='\0' 越过 16 字节栈数组写 1 字节。
  实测（pty 写入 16 字节）：vus_tui_read_key 返回 len=16，即 n==16 分支必达。

缺陷 C（忙等）触发路径：
  交互终端调用 tui_输入文本("输入: ", N)，用户敲入 ≥1 字符后停顿：
  read() 立即返回 0，len>0 分支 continue 无限循环，单核 CPU 100% 空转
  （无任何 sleep，直到用户敲入下一字节或回车）。

--------------------------------------------------------------------------------
3. 根因分析
--------------------------------------------------------------------------------
A. vus_tui_flush 的差分循环只对 c==0 的变更单元格定位。差分模型下未变更
   单元格不输出、光标不推进，因此必须对「每个不连续的变更位置」显式定位；
   仅在行首定位等于假设"变更总从行首开始"，行中变更（编辑器光标输入的最
   常见形态）必然错位。首帧（s_has_prev=0）全量输出反而正确，掩盖了问题。

B. vus_tui_read_key 缓冲区按 16 字节数据申请，却无条件执行 buf[n]='\0'；
   未预留终止符空间（n 最大为 16）。

C. vus_tui_input 复用 tui_raw_on 的 VMIN=0/VTIME=0（非阻塞语义），无输入
   时 read 返回 0；「已有输入则保持等待」的注释意图与实现矛盾——没有睡眠
   或阻塞等待，形成忙循环。

--------------------------------------------------------------------------------
4. 修复方案（最小化定向修复，rt/vus_tui.c）
--------------------------------------------------------------------------------
A. vus_tui_flush 增加逻辑光标跟踪（cur_r/cur_c）：每输出一个变更单元格后
   记录其位置；下一变更单元格若非「紧邻其右」（r==cur_r && c==cur_c+1），
   先发 \033[%d;%dH 定位再输出。连续单元格不重复定位，保持差分输出紧凑；
   \033[H 归位后光标位于 (0,0)，首格免定位，行为与全量首帧一致。

B. vus_tui_read_key 缓冲区改为 unsigned char buf[17]（16 字节数据 + NUL），
   buf[16]='\0' 落回界内；ESC 前缀第二段读（read(buf+n, 16-n)）同样安全。

C. vus_tui_input 无输入且已有输入时 nanosleep 1ms 让出 CPU 再继续轮询，
   消除忙等空转（不改变既有语义：空输入仍立即返回空串）。

--------------------------------------------------------------------------------
5. 验证方式与结果
--------------------------------------------------------------------------------
修复前（ce60da9 原代码）：
  - pty 探针：第 2 帧差分输出无 \033[1;4H 定位（has_cursor_pos=0），
    X 会写到错误列 —— 缺陷 A 确认；
  - pty 写入 16 字节：read_key 返回 len=16，buf[16]='\0' 越界写必达 ——
    缺陷 B 确认（代码路径 + 实测 n==16）。

修复后：
  - tests/test_tui_flush.c（新增回归，集成 run_tests.sh C 单测段）：
    第 1 帧全量输出 HELLO ✓；第 2 帧输出 \033[1;4H + X ✓；
    read_key 一次读满 16 字节完整返回（无越界写）✓；
  - tests/test_tui.vus / test_tui_editor.vus / test_cordis*.vus /
    test_py_game.vus 全部通过；
  - 全量测试（make + tests/run_tests.sh）：98 用例 86 通过 / 12 失败，
    失败全部为 test_gui*.vus 与 test_ext_c.vus（无 X11 显示环境/本地
    C 插件工具链所致，未改动的 HEAD 同样失败，与本次修复无关）。

--------------------------------------------------------------------------------
6. 影响文件
--------------------------------------------------------------------------------
  - rt/vus_tui.c
      vus_tui_flush        （差分刷新逻辑光标定位）
      vus_tui_read_key     （读键缓冲 16→17 字节）
      vus_tui_input        （无输入忙等加 nanosleep 让出 CPU）
  - tests/test_tui_flush.c （新增 pty 回归：差分定位 + 读键 16 字节边界）
  - tests/run_tests.sh     （纳入 test_tui_flush C 单测段）
================================================================================
