================================================================================
缺陷日志：TUI 差分刷新在全角字符（中文）后定位错位——覆盖前一字符
================================================================================

日期：2026-09-10
严重等级：严重（核心差分刷新功能对中文内容每次编辑都错位渲染）
引入提交：ce60da9 "feat: TUI 画布子系统(帧缓冲+差分刷新) + 终端编辑器 + 一键更新 + 多插件测试"
残留于：  da11523 "fix: TUI 差分刷新错位 + 读键栈越界写 + 输入忙等"（该修复仅覆盖单列
         字符，未处理全角字符占 2 终端列的情形）
修复提交：本日志对应提交

--------------------------------------------------------------------------------
1. 缺陷概述
--------------------------------------------------------------------------------
vus_tui_flush 的差分刷新定位以「画布列」为基准（每单元格记 1 列），但全角字符
（中文/假名/谚文/全角符号）在终端实际占 2 列。画布连续绘制全角字符时终端光标
自然推进 2 列、画面恰好正确（首帧全量输出不受影响）；一旦差分刷新需要定位
（对行中变更发出 \033[%d;%dH），按画布列计算的列号就落在错误位置——变更内容
被写到前一个全角字符的右半上，逐字符覆盖，整行错位。

da11523 修复了 ASCII 单列字符的差分定位（逻辑光标跟踪 + 连续格免定位），但逻辑
光标仍按「每单元格 = 1 终端列」推进，全角字符后的相邻变更依旧错位。本缺陷与
da11523 修复的「差分刷新错位」是同一缺陷类对全角字符的残余情形。

--------------------------------------------------------------------------------
2. 具体触发场景（实测确认）
--------------------------------------------------------------------------------
场景 A（编辑器主路径，examples/tui_editor.vus 默认内容即中文）：
  1. 终端运行 ./vus run examples/tui_editor.vus，文件含中文行
     （如 "欢迎使用 VUS 终端文本编辑器！"）；
  2. 方向键把光标移到某行中文之后，敲入一个字符；
  3. 该字符落点按画布列计算，覆盖前一全角字符右半，之后内容逐格错位，
     画面花屏。每敲一键持续恶化。

场景 B（画布 API 级复现，pty 捕获两帧）：
  第 1 帧：canvas_put(0,0,"欢")、canvas_put(0,1,"迎")、canvas_put(0,2,"V")。
  第 2 帧：仅 canvas_put(0,2,"X")。
  修复前第 2 帧输出 \033[1;3H + X：'X' 落在终端列 2（0 基），覆盖 '迎' 左半
  （"欢" 占列 0-1、"迎" 占列 2-3，"X" 应落在列 4，即 \033[1;5H）。
  实测修复前输出为 \033[1;3H（has_correct_pos=0），修复后为 \033[1;5H。

--------------------------------------------------------------------------------
3. 根因分析
--------------------------------------------------------------------------------
vus_tui_flush（da11523 版本）维护逻辑光标 (cur_r,cur_c)，cur_c 每输出一个单元格
仅 +1（cur_c = c）。差分模型下未变更单元格不输出、终端光标不推进，因此定位必须
反映「终端列」而非「画布列」。全角字符占 2 终端列：
  - 上一帧上屏的全角字符（本帧未变更、被跳过）仍占 2 列，其宽度必须计入；
  - 本帧输出的全角字符也占 2 列，逻辑光标须前进 2。
da11523 的 c==cur_c+1 判断只适用于全角宽度为 1 的假设，全角字符后任何变更都错位。
边框字符（┌─┐│，U+2500 区）在终端为 1 列，不能按「3 字节 → 全角」一刀切，否则
边框绘制也被破坏。

--------------------------------------------------------------------------------
4. 修复方案（最小化定向修复，rt/vus_tui.c）
--------------------------------------------------------------------------------
新增 tui_cell_width()：按首字节判定 UTF-8 长度并解码码点，仅将 CJK 全角区间
（U+3000–U+30FF 假名/标点、U+3400–U+9FFF 统一表意+扩展A、U+AC00–U+D7A3 谚文、
U+F900–U+FAFF 兼容表意、U+FE30–U+FE4F、U+FF00–U+FF60、U+FFE0–U+FFE6）计为 2 列，
其余（含 U+2500 边框区、箭头等）计为 1 列；4 字节 emoji 近似计 2 列。

vus_tui_flush 改为按「终端列」定位：
  - 逐行累计 term_col：未变更（跳过）单元格按 tui_cell_width 累加其已上屏占宽；
  - 变更单元格若 (r,term_col) ≠ 逻辑光标 (cur_r,cur_c) 则发 \033[%d;%dH 定位；
  - 输出后逻辑光标前进 tui_cell_width(n->ch) 列。
ASCII 行为与 da11523 完全一致（宽度恒 1，term_col == c），既有回归测试不改语义。

--------------------------------------------------------------------------------
5. 验证方式与结果
--------------------------------------------------------------------------------
新增回归（tests/test_tui_flush.c 第 3 节，pty）：
  - 全角帧：第 1 帧全量输出 '欢' ✓；
  - 差分帧定位到 \033[1;5H（'迎' 之后）✓；
  - 差分帧不输出 \033[1;3H（避免覆盖 '迎'）✓；
  - 差分帧输出变更内容 X ✓。
既有回归（tests/test_tui_flush.c 第 1/2 节）与全量测试均不受影响：
  - 全量测试（make + tests/run_tests.sh）：98 用例 86 通过 / 12 失败，
    失败仍为 test_gui*.vus（无 X11 显示环境）与 test_ext_c.vus（本地 C
    插件工具链缺失），与修复前基线一致，与本次修复无关。

--------------------------------------------------------------------------------
6. 影响文件
--------------------------------------------------------------------------------
  - rt/vus_tui.c
      vus_tui_flush    （差分定位改按终端列累计，全角字符占 2 列）
      tui_cell_width   （新增：单元格终端显示宽度，CJK 全角 2 列）
  - tests/test_tui_flush.c （新增第 3 节：全角字符后相邻变更差分定位回归）
================================================================================
