================================================================================
缺陷日志：函数返回值 heap-use-after-free（容器返回值被提前释放）
================================================================================

日期：2026-09-05
严重等级：致命（应用崩溃 / 内存破坏）
引入提交：fc1517a "feat: 性能优化 R1-R5（引用计数/字面量缓存/拼接链/序列化/赋值短路）"

--------------------------------------------------------------------------------
1. 缺陷概述
--------------------------------------------------------------------------------
R1 引用计数优化在函数返回路径上引入了不对称的引用计数操作，导致返回
容器（列表/字典）时发生 heap-use-after-free：调用方拿到的是已被释放
的悬垂指针，随后解引用即崩溃或破坏堆。

触发测试：tests/test_multi_return.vus（返回多值会被打包成列表）
          以及所有返回列表/字典的函数调用。

--------------------------------------------------------------------------------
2. 具体触发场景
--------------------------------------------------------------------------------
最简复现：

    定义 取列表():
        返回 [1, 2, 3]

    打印(取列表())

执行流程：
  1. 取列表() 内创建列表对象，vus_object_list() 返回 ref=0。
  2. 函数返回处旧代码执行 vus_var_set(&_args[0], 列表)，把 ref 升到 1。
  3. 调用点语句表达式 ({ ...; vus_f(_vus_args); ...;
     VusString* _vr = _vus_args[0]; vus_unref(_vr); _vr; })
     中 vus_unref(_vr) 把 ref 从 1 降回 0 → 释放列表。
  4. 语句表达式的结果 _vr 已是悬垂指针，传给 打印() → 解引用已释放内存。

ASAN 报错：ERROR: AddressSanitizer: heap-use-after-free

对字符串（ref=1）旧路径仅泄漏一个引用而不崩溃，因此该缺陷长期被字符串
测试掩盖，仅在容器返回值上暴露。

--------------------------------------------------------------------------------
3. 根因分析
--------------------------------------------------------------------------------
VUS 运行时的引用计数约定不对称：
  - 字符串 vus_string_new()  创建即 ref=1；
  - 容器 vus_object_list/dict() 创建即 ref=0（依赖首次 vus_var_set 升为 1）。

R1 优化假设「函数返回值统一经 vus_var_set 多加一 ref，调用点再 vus_unref
归还」，但这只对 ref≥1 的字符串成立。对 ref=0 的容器：
  vus_var_set  → ref=1
  vus_unref    → ref=0 → 释放
  调用方随后使用 → UAF。

此外，列表遍历调用（函数值(list)）路径上的 `if (_vargs[0]) vus_unref(_vargs[0])`
同样依赖返回值多一 ref 的约定；对字面量池字符串（ref=1 由池持有）执行
unref 会触发 free，造成字面量池损坏。

--------------------------------------------------------------------------------
4. 修复方案（最小化定向修复）
--------------------------------------------------------------------------------
统一改为「返回值所有权直接转移」，函数返回处与调用点都不再对返回值做
额外的 vus_ref / vus_unref：

  a) gen_stmt_return / gen_stmt_return_multi
     旧：vus_var_set(&((VusString**)_args)[0], value);
     新：((VusString**)_args)[0] = (VusString*)(value);
     —— 保持返回值原始引用计数原样转交，不加额外 ref。

  b) gen_expr_call（普通调用与函数值调用两条路径）
     旧：VusString* _vr=_vus_args[0]; vus_unref(_vr); _vr;
     新：VusString* _vr=_vus_args[0]; _vr;
     —— 调用点不再归还返回槽的计数（已无多余计数可还）。

  c) 列表遍历调用（函数值(list)）
     旧：if (_vargs[0]) vus_unref(_vargs[0]);
     新：直接丢弃返回值（移除 unref）。
     —— 避免释放池字面量与容器下溢；动态字符串的一次泄漏为可接受代价。

实参的对称归还（调用点 vus_unref(_vus_args[1..n]) 配平函数入口
vus_ref）保持不变。

修复后引用计数：
  - 容器返回值 ref=0 → 调用方 vus_var_set 升为 1 → 清除时降为 0 释放。正确。
  - 字符串返回值 ref=1 → 调用方 vus_var_set 升为 2 → 清除时降为 1。
    动态字符串泄漏 1 个引用（与 R1 之前相比持平，非崩溃）。
  - 字面量池字符串 → 不再被误释放，池完整性保持。

--------------------------------------------------------------------------------
5. 验证方式与结果
--------------------------------------------------------------------------------
构建：make CFLAGS="-fsanitize=address -fno-omit-frame-pointer"（运行时与编译器均带 ASAN）
测试：对生成的 C 代码手动用 ASAN 编译运行。

通过（无 ASAN 错误、输出正确）：
  - test_multi_return.vus        多返回值（列表打包）
  - test_container_release.vus   容器生命周期
  - test_json_dict.vus           字典
  - test_functions.vus           普通函数调用
  - test_function_value.vus      函数值 + 列表遍历调用
  - test_comprehensive.vus
  - test_struct_basic.vus
  - test_dict_iterate.vus
  - test_await.vus / test_await_multi.vus / test_thread_coro.vus（普通构建通过；
    ASAN 下报 stack-use-after-scope，系 2026-07-22 提交 b8733887 引入的
    _VusThreadTask 栈变量异步读取问题，且 ASAN 提示可能为 swapcontext 假阳性，
    不在本次 24 小时提交排查范围内）

普通构建（无 ASAN）全量非 GUI/非网络/非插件测试：PASS=63 FAIL=0。

--------------------------------------------------------------------------------
6. 影响文件
--------------------------------------------------------------------------------
  - src/generator.c
      gen_stmt_return          (函数单返回)
      gen_stmt_return_multi    (函数多返回，打包为列表)
      gen_expr_call            (普通调用 + 函数值调用，移除返回槽 unref)
      列表遍历调用分支          (移除 _vargs[0] unref)
================================================================================
